// Jest Snapshot v1, https://goo.gl/fbAQLP

exports[`should add *.css and *.json to Prettier extensions if Prettier >= 1.5 1`] = `
Object {
  "/package.json": "{
  \\"name\\": \\"unicorn\\",
  \\"devDependencies\\": {
    \\"prettier\\": \\">=1.5.3\\"
  },
  \\"husky\\": {
    \\"hooks\\": {
      \\"pre-commit\\": \\"lint-staged\\"
    }
  },
  \\"lint-staged\\": {
    \\"*.{js,css,json}\\": \\"prettier --write\\"
  }
}",
}
`;

exports[`should add *.css to Prettier extensions if Prettier >= 1.4 1`] = `
Object {
  "/package.json": "{
  \\"name\\": \\"unicorn\\",
  \\"devDependencies\\": {
    \\"prettier\\": \\"1.4.0\\"
  },
  \\"husky\\": {
    \\"hooks\\": {
      \\"pre-commit\\": \\"lint-staged\\"
    }
  },
  \\"lint-staged\\": {
    \\"*.{js,css}\\": \\"prettier --write\\"
  }
}",
}
`;

exports[`should add *.css, *.json and *.md to Prettier extensions if Prettier >= 1.8 1`] = `
Object {
  "/package.json": "{
  \\"name\\": \\"unicorn\\",
  \\"devDependencies\\": {
    \\"prettier\\": \\"~1.8.5\\"
  },
  \\"husky\\": {
    \\"hooks\\": {
      \\"pre-commit\\": \\"lint-staged\\"
    }
  },
  \\"lint-staged\\": {
    \\"*.{js,css,json,md}\\": \\"prettier --write\\"
  }
}",
}
`;

exports[`should add ESLint if project depends on it 1`] = `
Object {
  "/package.json": "{
  \\"name\\": \\"unicorn\\",
  \\"devDependencies\\": {
    \\"eslint\\": \\"*\\"
  },
  \\"husky\\": {
    \\"hooks\\": {
      \\"pre-commit\\": \\"lint-staged\\"
    }
  },
  \\"lint-staged\\": {
    \\"*.js\\": \\"eslint --fix\\"
  }
}",
}
`;

exports[`should add Prettier and ESLint 1`] = `
Object {
  "/package.json": "{
  \\"name\\": \\"unicorn\\",
  \\"scripts\\": {},
  \\"devDependencies\\": {
    \\"eslint\\": \\"4.0.1\\",
    \\"prettier\\": \\"1.9.2\\"
  },
  \\"husky\\": {
    \\"hooks\\": {
      \\"pre-commit\\": \\"lint-staged\\"
    }
  },
  \\"lint-staged\\": {
    \\"*.{js,css,json,md}\\": \\"prettier --write\\",
    \\"*.js\\": \\"eslint --fix\\"
  }
}",
}
`;

exports[`should add Prettier if project depends on it 1`] = `
Object {
  "/package.json": "{
  \\"name\\": \\"unicorn\\",
  \\"devDependencies\\": {
    \\"prettier\\": \\"*\\"
  },
  \\"husky\\": {
    \\"hooks\\": {
      \\"pre-commit\\": \\"lint-staged\\"
    }
  },
  \\"lint-staged\\": {
    \\"*.js\\": \\"prettier --write\\"
  }
}",
}
`;

exports[`should add stylelint if project depends on it 1`] = `
Object {
  "/package.json": "{
  \\"name\\": \\"unicorn\\",
  \\"devDependencies\\": {
    \\"stylelint\\": \\"*\\"
  },
  \\"husky\\": {
    \\"hooks\\": {
      \\"pre-commit\\": \\"lint-staged\\"
    }
  },
  \\"lint-staged\\": {
    \\"*.css\\": \\"stylelint --fix\\"
  }
}",
}
`;

exports[`should infer ESLint extension for an npm script 1`] = `
"{
  \\"name\\": \\"unicorn\\",
  \\"scripts\\": {
    \\"lint\\": \\"eslint --fix --ext .js,.jsx\\"
  },
  \\"devDependencies\\": {
    \\"eslint\\": \\"*\\"
  },
  \\"husky\\": {
    \\"hooks\\": {
      \\"pre-commit\\": \\"lint-staged\\"
    }
  },
  \\"lint-staged\\": {
    \\"*.{js,jsx}\\": \\"eslint --fix\\"
  }
}"
`;

exports[`should infer Prettier extension from an npm script 1`] = `
"{
  \\"name\\": \\"unicorn\\",
  \\"scripts\\": {
    \\"format\\": \\"prettier --write '**/*.{js,jsx}'\\"
  },
  \\"devDependencies\\": {
    \\"prettier\\": \\"1.9.2\\"
  },
  \\"husky\\": {
    \\"hooks\\": {
      \\"pre-commit\\": \\"lint-staged\\"
    }
  },
  \\"lint-staged\\": {
    \\"*.{js,jsx}\\": \\"prettier --write\\"
  }
}"
`;

exports[`should merge ESLint and Prettier into a single lint-staged rule 1`] = `
"{
  \\"name\\": \\"unicorn\\",
  \\"devDependencies\\": {
    \\"eslint\\": \\"*\\",
    \\"prettier\\": \\"*\\"
  },
  \\"husky\\": {
    \\"hooks\\": {
      \\"pre-commit\\": \\"lint-staged\\"
    }
  },
  \\"lint-staged\\": {
    \\"*.js\\": [
      \\"eslint --fix\\",
      \\"prettier --write\\"
    ]
  }
}"
`;

exports[`should remove \`git add\` from lint-staged config if lint-staged v10 is used 1`] = `
Object {
  "/package.json": "{
  \\"name\\": \\"unicorn\\",
  \\"scripts\\": {},
  \\"devDependencies\\": {
    \\"eslint\\": \\"*\\"
  },
  \\"lint-staged\\": {
    \\"*.js\\": \\"eslint --fix\\"
  },
  \\"husky\\": {
    \\"hooks\\": {
      \\"pre-commit\\": \\"lint-staged\\"
    }
  }
}",
}
`;

exports[`should remove husky 0.14 config from package.json 1`] = `
Object {
  "/package.json": "{
  \\"name\\": \\"unicorn\\",
  \\"scripts\\": {},
  \\"devDependencies\\": {
    \\"eslint\\": \\"*\\"
  },
  \\"husky\\": {
    \\"hooks\\": {
      \\"pre-commit\\": \\"lint-staged\\"
    }
  },
  \\"lint-staged\\": {
    \\"*.js\\": \\"eslint --fix\\"
  }
}",
}
`;

exports[`should use a custom ESLint extension 1`] = `
Object {
  "/package.json": "{
  \\"name\\": \\"unicorn\\",
  \\"devDependencies\\": {
    \\"eslint\\": \\"*\\"
  },
  \\"husky\\": {
    \\"hooks\\": {
      \\"pre-commit\\": \\"lint-staged\\"
    }
  },
  \\"lint-staged\\": {
    \\"*.{js,jsx}\\": \\"eslint --fix\\"
  }
}",
}
`;

exports[`should use a custom rules 1`] = `
Object {
  "/package.json": "{
  \\"name\\": \\"unicorn\\",
  \\"devDependencies\\": {
    \\"eslint\\": \\"*\\",
    \\"stylelint\\": \\"*\\"
  },
  \\"husky\\": {
    \\"hooks\\": {
      \\"pre-commit\\": \\"lint-staged\\"
    }
  },
  \\"lint-staged\\": {
    \\"*.js\\": \\"false\\"
  }
}",
}
`;

exports[`should use a custom stylelint extension 1`] = `
Object {
  "/package.json": "{
  \\"name\\": \\"unicorn\\",
  \\"devDependencies\\": {
    \\"stylelint\\": \\"*\\"
  },
  \\"husky\\": {
    \\"hooks\\": {
      \\"pre-commit\\": \\"lint-staged\\"
    }
  },
  \\"lint-staged\\": {
    \\"*.scss\\": \\"stylelint --fix\\"
  }
}",
}
`;

exports[`should use custom Prettier extensions 1`] = `
Object {
  "/package.json": "{
  \\"name\\": \\"unicorn\\",
  \\"devDependencies\\": {
    \\"prettier\\": \\"1.9.2\\"
  },
  \\"husky\\": {
    \\"hooks\\": {
      \\"pre-commit\\": \\"lint-staged\\"
    }
  },
  \\"lint-staged\\": {
    \\"*.{js,jsx,mjs}\\": \\"prettier --write\\"
  }
}",
}
`;

exports[`should use default JS extension if eslint command has no --ext key 1`] = `
"{
  \\"name\\": \\"unicorn\\",
  \\"scripts\\": {
    \\"lint\\": \\"eslint --fix\\"
  },
  \\"devDependencies\\": {
    \\"eslint\\": \\"*\\"
  },
  \\"husky\\": {
    \\"hooks\\": {
      \\"pre-commit\\": \\"lint-staged\\"
    }
  },
  \\"lint-staged\\": {
    \\"*.js\\": \\"eslint --fix\\"
  }
}"
`;
